2026-07-08 07:29:00,371 - INFO - 
Starting PyQuant p4--------------------------------------------------------------------------------

2026-07-08 07:30:29,002 - INFO - 
Starting PyQuant p4--------------------------------------------------------------------------------

2026-07-08 08:02:00,778 - INFO - Balance – USDT:0.0  BTC:0.0  ETH:0.0
2026-07-08 08:02:00,997 - INFO - Cancelled all stale open orders.
2026-07-08 08:02:00,997 - WARNING - Balance unavailable – using default $3.
2026-07-08 08:02:01,894 - INFO - Starting Hourly Signal Services
2026-07-08 08:02:02,436 - INFO - Starting Position Manager for ETH/USD
2026-07-08 08:02:03,968 - INFO - Starting Position Manager for BTC/USD
2026-07-08 08:02:04,520 - INFO - No signal from either coin this hour.
2026-07-08 09:02:00,643 - INFO - Balance – USDT:0.0  BTC:0.0  ETH:0.0
2026-07-08 09:02:00,862 - INFO - Cancelled all stale open orders.
2026-07-08 09:02:00,862 - WARNING - Balance unavailable – using default $3.
2026-07-08 09:02:01,765 - INFO - Starting Hourly Signal Services
2026-07-08 09:02:02,301 - INFO - Starting Position Manager for ETH/USD
2026-07-08 09:02:03,843 - INFO - Starting Position Manager for BTC/USD
2026-07-08 09:02:04,797 - INFO - No signal from either coin this hour.
2026-07-08 10:02:00,229 - INFO - Balance – USDT:0.0  BTC:0.0  ETH:0.0
2026-07-08 10:02:00,446 - INFO - Cancelled all stale open orders.
2026-07-08 10:02:00,446 - WARNING - Balance unavailable – using default $3.
2026-07-08 10:02:01,339 - INFO - Starting Hourly Signal Services
2026-07-08 10:02:01,875 - INFO - Starting Position Manager for ETH/USD
2026-07-08 10:02:03,403 - INFO - Starting Position Manager for BTC/USD
2026-07-08 10:02:03,953 - INFO - No signal from either coin this hour.
2026-07-08 11:02:00,404 - INFO - Balance – USDT:0.0  BTC:0.0  ETH:0.0
2026-07-08 11:02:00,621 - INFO - Cancelled all stale open orders.
2026-07-08 11:02:00,621 - WARNING - Balance unavailable – using default $3.
2026-07-08 11:02:01,507 - INFO - Starting Hourly Signal Services
2026-07-08 11:02:02,041 - INFO - Starting Position Manager for ETH/USD
2026-07-08 11:02:03,556 - INFO - Starting Position Manager for BTC/USD
2026-07-08 11:02:04,303 - INFO - No signal from either coin this hour.
2026-07-08 12:02:00,716 - INFO - Balance – USDT:0.0  BTC:0.0  ETH:0.0
2026-07-08 12:02:00,940 - INFO - Cancelled all stale open orders.
2026-07-08 12:02:00,941 - WARNING - Balance unavailable – using default $3.
2026-07-08 12:02:01,851 - INFO - Starting Hourly Signal Services
2026-07-08 12:02:02,390 - INFO - Starting Position Manager for ETH/USD
2026-07-08 12:02:04,775 - INFO - Starting Position Manager for BTC/USD
2026-07-08 12:02:05,330 - INFO - No signal from either coin this hour.
2026-07-08 13:02:00,323 - INFO - Balance – USDT:0.0  BTC:0.0  ETH:0.0
2026-07-08 13:02:00,542 - INFO - Cancelled all stale open orders.
2026-07-08 13:02:00,542 - WARNING - Balance unavailable – using default $3.
2026-07-08 13:02:01,447 - INFO - Starting Hourly Signal Services
2026-07-08 13:02:01,986 - INFO - Starting Position Manager for ETH/USD
2026-07-08 13:02:03,577 - INFO - Starting Position Manager for BTC/USD
2026-07-08 13:02:04,130 - INFO - No signal from either coin this hour.
2026-07-08 14:02:00,801 - INFO - Balance – USDT:0.0  BTC:0.0  ETH:0.0
2026-07-08 14:02:01,027 - INFO - Cancelled all stale open orders.
2026-07-08 14:02:01,028 - WARNING - Balance unavailable – using default $3.
2026-07-08 14:02:01,938 - INFO - Starting Hourly Signal Services
2026-07-08 14:02:02,495 - INFO - Starting Position Manager for ETH/USD
2026-07-08 14:02:04,076 - INFO - Starting Position Manager for BTC/USD
2026-07-08 14:02:04,638 - INFO - No signal from either coin this hour.
2026-07-08 15:02:00,793 - INFO - Balance – USDT:0.0  BTC:0.0  ETH:0.0
2026-07-08 15:02:01,013 - INFO - Cancelled all stale open orders.
2026-07-08 15:02:01,013 - WARNING - Balance unavailable – using default $3.
2026-07-08 15:02:01,921 - INFO - Starting Hourly Signal Services
2026-07-08 15:02:02,680 - INFO - Starting Position Manager for ETH/USD
2026-07-08 15:02:04,455 - INFO - Starting Position Manager for BTC/USD
2026-07-08 15:02:05,023 - INFO - No signal from either coin this hour.
2026-07-08 16:02:01,865 - INFO - Balance – USDT:0.0  BTC:0.0  ETH:0.0
2026-07-08 16:02:02,087 - INFO - Cancelled all stale open orders.
2026-07-08 16:02:02,087 - WARNING - Balance unavailable – using default $3.
2026-07-08 16:02:03,000 - INFO - Starting Hourly Signal Services
2026-07-08 16:02:03,582 - INFO - Starting Position Manager for ETH/USD
2026-07-08 16:02:05,137 - INFO - Starting Position Manager for BTC/USD
2026-07-08 16:02:05,715 - INFO - No signal from either coin this hour.
2026-07-08 17:02:00,842 - INFO - Balance – USDT:0.0  BTC:0.0  ETH:0.0
2026-07-08 17:02:01,067 - INFO - Cancelled all stale open orders.
2026-07-08 17:02:01,068 - WARNING - Balance unavailable – using default $3.
2026-07-08 17:02:01,962 - INFO - Starting Hourly Signal Services
2026-07-08 17:02:02,507 - INFO - Starting Position Manager for ETH/USD
2026-07-08 17:02:04,061 - INFO - Starting Position Manager for BTC/USD
2026-07-08 17:02:04,615 - INFO - No signal from either coin this hour.
2026-07-08 18:02:01,225 - INFO - Balance – USDT:0.0  BTC:0.0  ETH:0.0
2026-07-08 18:02:01,448 - INFO - Cancelled all stale open orders.
2026-07-08 18:02:01,448 - WARNING - Balance unavailable – using default $3.
2026-07-08 18:02:02,360 - INFO - Starting Hourly Signal Services
2026-07-08 18:02:02,920 - INFO - Starting Position Manager for ETH/USD
2026-07-08 18:02:04,496 - INFO - Starting Position Manager for BTC/USD
2026-07-08 18:02:05,482 - INFO - BTC/USD signal: {'symbol': 'BTCUSDT', 'order_type': 'Limit', 'entry_price': np.float64(62103.0), 'order_side': 'Buy', 'tp_price': np.float64(62266.0), 'sl_price': np.float64(61327.0), 'current_price': np.float64(62200.93), 'checked': False, 'current_bal': 3.0, 'atr': 431.21419000707203, 'atr_mult': 1.8, 'expected_max_loss': np.float64(0.5622916767305928)}
2026-07-08 18:02:05,706 - INFO - SignalExecutor: leverage=15x for BTCUSDT
2026-07-08 18:02:05,706 - INFO - SignalExecutor: BTCUSDT BUY LIMIT @ 62103.0
2026-07-08 18:02:05,955 - INFO - SignalExecutor: placing LIMIT for BTCUSDT…
2026-07-08 18:02:06,592 - ERROR - SignalExecutor: order placement failed for BTCUSDT: APIError(code=-4003): Quantity less than or equal to zero.
2026-07-08 18:02:06,595 - INFO - BTC signal: {'symbol': 'BTCUSDT', 'order_type': 'Limit', 'entry_price': np.float64(62103.0), 'order_side': 'Buy', 'tp_price': np.float64(62266.0), 'sl_price': np.float64(61327.0), 'current_price': np.float64(62200.93), 'checked': False, 'current_bal': 3.0, 'atr': 431.21419000707203, 'atr_mult': 1.8, 'expected_max_loss': np.float64(0.5622916767305928), 'qty': '0.000'}
2026-07-08 18:02:06,595 - INFO - BTC order: id=N/A
2026-07-08 18:32:11,227 - INFO - BTC/USD BUY limit filled. Price:62085.9295
2026-07-08 19:02:01,011 - INFO - Balance – USDT:0.0  BTC:0.0  ETH:0.0
2026-07-08 19:02:01,233 - INFO - Cancelled all stale open orders.
2026-07-08 19:02:01,233 - WARNING - Balance unavailable – using default $3.
2026-07-08 19:02:02,138 - INFO - Starting Hourly Signal Services
2026-07-08 19:02:02,721 - INFO - Starting Position Manager for ETH/USD
2026-07-08 19:02:04,343 - INFO - Starting Position Manager for BTC/USD
2026-07-08 19:02:05,311 - INFO - No signal from either coin this hour.
2026-07-08 20:02:01,043 - INFO - Balance – USDT:0.0  BTC:0.0  ETH:0.0
2026-07-08 20:02:01,276 - INFO - Cancelled all stale open orders.
2026-07-08 20:02:01,276 - WARNING - Balance unavailable – using default $3.
2026-07-08 20:02:02,190 - INFO - Starting Hourly Signal Services
2026-07-08 20:02:02,748 - INFO - Starting Position Manager for ETH/USD
2026-07-08 20:02:04,767 - INFO - Starting Position Manager for BTC/USD
2026-07-08 20:02:05,788 - INFO - No signal from either coin this hour.
2026-07-08 21:02:00,379 - INFO - Balance – USDT:0.0  BTC:0.0  ETH:0.0
2026-07-08 21:02:00,599 - INFO - Cancelled all stale open orders.
2026-07-08 21:02:00,599 - WARNING - Balance unavailable – using default $3.
2026-07-08 21:02:01,501 - INFO - Starting Hourly Signal Services
2026-07-08 21:02:02,061 - INFO - Starting Position Manager for ETH/USD
2026-07-08 21:02:03,638 - INFO - Starting Position Manager for BTC/USD
2026-07-08 21:02:04,177 - INFO - No signal from either coin this hour.
2026-07-08 22:02:00,819 - INFO - Balance – USDT:0.0  BTC:0.0  ETH:0.0
2026-07-08 22:02:01,043 - INFO - Cancelled all stale open orders.
2026-07-08 22:02:01,043 - WARNING - Balance unavailable – using default $3.
2026-07-08 22:02:01,950 - INFO - Starting Hourly Signal Services
2026-07-08 22:02:02,490 - INFO - Starting Position Manager for ETH/USD
2026-07-08 22:02:04,030 - INFO - Starting Position Manager for BTC/USD
2026-07-08 22:02:04,582 - INFO - No signal from either coin this hour.
2026-07-08 23:02:00,492 - INFO - Balance – USDT:0.0  BTC:0.0  ETH:0.0
2026-07-08 23:02:00,711 - INFO - Cancelled all stale open orders.
2026-07-08 23:02:00,711 - WARNING - Balance unavailable – using default $3.
2026-07-08 23:02:01,615 - INFO - Starting Hourly Signal Services
2026-07-08 23:02:03,043 - INFO - Starting Position Manager for ETH/USD
2026-07-08 23:02:05,441 - INFO - Starting Position Manager for BTC/USD
2026-07-08 23:02:06,003 - INFO - No signal from either coin this hour.
2026-07-09 00:02:00,545 - INFO - Balance – USDT:0.0  BTC:0.0  ETH:0.0
2026-07-09 00:02:00,768 - INFO - Cancelled all stale open orders.
2026-07-09 00:02:00,769 - WARNING - Balance unavailable – using default $3.
2026-07-09 00:02:01,676 - INFO - Starting Hourly Signal Services
2026-07-09 00:02:02,226 - INFO - Starting Position Manager for ETH/USD
2026-07-09 00:02:03,771 - INFO - Starting Position Manager for BTC/USD
2026-07-09 00:02:04,319 - INFO - No signal from either coin this hour.
2026-07-09 01:02:00,506 - INFO - Balance – USDT:0.0  BTC:0.0  ETH:0.0
2026-07-09 01:02:00,724 - INFO - Cancelled all stale open orders.
2026-07-09 01:02:00,724 - WARNING - Balance unavailable – using default $3.
2026-07-09 01:02:01,626 - INFO - Starting Hourly Signal Services
2026-07-09 01:02:02,168 - INFO - Starting Position Manager for ETH/USD
2026-07-09 01:02:03,706 - INFO - Starting Position Manager for BTC/USD
2026-07-09 01:02:04,249 - INFO - No signal from either coin this hour.
2026-07-09 02:02:00,231 - INFO - Balance – USDT:0.0  BTC:0.0  ETH:0.0
2026-07-09 02:02:00,451 - INFO - Cancelled all stale open orders.
2026-07-09 02:02:00,451 - WARNING - Balance unavailable – using default $3.
2026-07-09 02:02:01,353 - INFO - Starting Hourly Signal Services
2026-07-09 02:02:01,891 - INFO - Starting Position Manager for ETH/USD
2026-07-09 02:02:02,909 - INFO - ETH/USD signal: {'symbol': 'ETHUSDT', 'order_type': 'Limit', 'entry_price': np.float64(1754.94), 'order_side': 'Sell', 'tp_price': np.float64(1730.23), 'sl_price': np.float64(1766.83), 'current_price': np.float64(1730.545), 'checked': False, 'current_bal': 3.0, 'atr': 11.888035714285754, 'atr_mult': 1.0, 'expected_max_loss': np.float64(0.3048822181954906)}
2026-07-09 02:02:03,452 - INFO - Starting Position Manager for BTC/USD
2026-07-09 02:02:04,238 - INFO - SignalExecutor: leverage=15x for ETHUSDT
2026-07-09 02:02:04,238 - INFO - SignalExecutor: ETHUSDT SELL LIMIT @ 1754.94
2026-07-09 02:02:04,487 - INFO - SignalExecutor: placing LIMIT for ETHUSDT…
2026-07-09 02:02:04,708 - ERROR - SignalExecutor: order placement failed for ETHUSDT: APIError(code=-2019): Margin is insufficient.
2026-07-09 02:02:04,710 - INFO - ETH signal: {'symbol': 'ETHUSDT', 'order_type': 'Limit', 'entry_price': np.float64(1754.94), 'order_side': 'Sell', 'tp_price': np.float64(1730.23), 'sl_price': np.float64(1766.83), 'current_price': np.float64(1730.545), 'checked': False, 'current_bal': 3.0, 'atr': 11.888035714285754, 'atr_mult': 1.0, 'expected_max_loss': np.float64(0.3048822181954906), 'qty': '0.020'}
2026-07-09 02:02:04,710 - INFO - ETH order: id=N/A
2026-07-09 03:02:00,907 - INFO - Balance – USDT:0.0  BTC:0.0  ETH:0.0
2026-07-09 03:02:01,125 - INFO - Cancelled all stale open orders.
2026-07-09 03:02:01,125 - WARNING - Balance unavailable – using default $3.
2026-07-09 03:02:02,024 - INFO - Starting Hourly Signal Services
2026-07-09 03:02:02,574 - INFO - Starting Position Manager for ETH/USD
2026-07-09 03:02:03,557 - INFO - ETH/USD signal: {'symbol': 'ETHUSDT', 'order_type': 'Limit', 'entry_price': np.float64(1728.75), 'order_side': 'Sell', 'tp_price': np.float64(1720.72), 'sl_price': np.float64(1740.11), 'current_price': np.float64(1723.886), 'checked': False, 'current_bal': 3.0, 'atr': 11.361285714285762, 'atr_mult': 1.0, 'expected_max_loss': np.float64(0.2957049891540104)}
2026-07-09 03:02:04,110 - INFO - Starting Position Manager for BTC/USD
2026-07-09 03:02:04,868 - INFO - SignalExecutor: leverage=15x for ETHUSDT
2026-07-09 03:02:04,868 - INFO - SignalExecutor: ETHUSDT SELL LIMIT @ 1728.75
2026-07-09 03:02:05,122 - INFO - SignalExecutor: placing LIMIT for ETHUSDT…
2026-07-09 03:02:05,340 - ERROR - SignalExecutor: order placement failed for ETHUSDT: APIError(code=-2019): Margin is insufficient.
2026-07-09 03:02:05,342 - INFO - ETH signal: {'symbol': 'ETHUSDT', 'order_type': 'Limit', 'entry_price': np.float64(1728.75), 'order_side': 'Sell', 'tp_price': np.float64(1720.72), 'sl_price': np.float64(1740.11), 'current_price': np.float64(1723.886), 'checked': False, 'current_bal': 3.0, 'atr': 11.361285714285762, 'atr_mult': 1.0, 'expected_max_loss': np.float64(0.2957049891540104), 'qty': '0.020'}
2026-07-09 03:02:05,343 - INFO - ETH order: id=N/A
2026-07-09 03:31:22,170 - INFO - ETH/USD SELL limit filled. Price:1728.858
2026-07-09 04:02:00,654 - INFO - Balance – USDT:0.0  BTC:0.0  ETH:0.0
2026-07-09 04:02:00,875 - INFO - Cancelled all stale open orders.
2026-07-09 04:02:00,876 - WARNING - Balance unavailable – using default $3.
2026-07-09 04:02:02,222 - INFO - Starting Hourly Signal Services
2026-07-09 04:02:02,766 - INFO - Starting Position Manager for ETH/USD
2026-07-09 04:02:04,306 - INFO - Starting Position Manager for BTC/USD
2026-07-09 04:02:04,855 - INFO - No signal from either coin this hour.
2026-07-09 05:02:00,886 - INFO - Balance – USDT:0.0  BTC:0.0  ETH:0.0
2026-07-09 05:02:01,105 - INFO - Cancelled all stale open orders.
2026-07-09 05:02:01,105 - WARNING - Balance unavailable – using default $3.
2026-07-09 05:02:02,014 - INFO - Starting Hourly Signal Services
2026-07-09 05:02:02,582 - INFO - Starting Position Manager for ETH/USD
2026-07-09 05:02:04,152 - INFO - Starting Position Manager for BTC/USD
2026-07-09 05:02:04,709 - INFO - No signal from either coin this hour.
2026-07-09 06:02:00,853 - INFO - Balance – USDT:0.0  BTC:0.0  ETH:0.0
2026-07-09 06:02:01,073 - INFO - Cancelled all stale open orders.
2026-07-09 06:02:01,073 - WARNING - Balance unavailable – using default $3.
2026-07-09 06:02:01,976 - INFO - Starting Hourly Signal Services
2026-07-09 06:02:02,517 - INFO - Starting Position Manager for ETH/USD
2026-07-09 06:02:04,943 - INFO - Starting Position Manager for BTC/USD
2026-07-09 06:02:05,488 - INFO - No signal from either coin this hour.
2026-07-09 07:02:03,522 - INFO - Balance – USDT:0.0  BTC:0.0  ETH:0.0
2026-07-09 07:02:03,743 - INFO - Cancelled all stale open orders.
2026-07-09 07:02:03,743 - WARNING - Balance unavailable – using default $3.
2026-07-09 07:02:04,659 - INFO - Starting Hourly Signal Services
2026-07-09 07:02:05,208 - INFO - Starting Position Manager for ETH/USD
2026-07-09 07:02:06,748 - INFO - Starting Position Manager for BTC/USD
2026-07-09 07:02:07,295 - INFO - No signal from either coin this hour.
2026-07-09 08:02:01,520 - INFO - Balance – USDT:0.0  BTC:0.0  ETH:0.0
2026-07-09 08:02:01,737 - INFO - Cancelled all stale open orders.
2026-07-09 08:02:01,738 - WARNING - Balance unavailable – using default $3.
2026-07-09 08:02:02,647 - INFO - Starting Hourly Signal Services
2026-07-09 08:02:03,189 - INFO - Starting Position Manager for ETH/USD
2026-07-09 08:02:04,726 - INFO - Starting Position Manager for BTC/USD
2026-07-09 08:02:05,276 - INFO - No signal from either coin this hour.
2026-07-09 09:02:02,148 - INFO - Balance – USDT:0.0  BTC:0.0  ETH:0.0
2026-07-09 09:02:02,371 - INFO - Cancelled all stale open orders.
2026-07-09 09:02:02,371 - WARNING - Balance unavailable – using default $3.
2026-07-09 09:02:03,282 - INFO - Starting Hourly Signal Services
2026-07-09 09:02:03,825 - INFO - Starting Position Manager for ETH/USD
2026-07-09 09:02:05,375 - INFO - Starting Position Manager for BTC/USD
2026-07-09 09:02:05,924 - INFO - No signal from either coin this hour.
2026-07-09 10:02:00,995 - INFO - Balance – USDT:0.0  BTC:0.0  ETH:0.0
2026-07-09 10:02:01,218 - INFO - Cancelled all stale open orders.
2026-07-09 10:02:01,218 - WARNING - Balance unavailable – using default $3.
2026-07-09 10:02:02,120 - INFO - Starting Hourly Signal Services
2026-07-09 10:02:02,658 - INFO - Starting Position Manager for ETH/USD
2026-07-09 10:02:03,656 - INFO - ETH/USD signal: {'symbol': 'ETHUSDT', 'order_type': 'Limit', 'entry_price': np.float64(1749.53), 'order_side': 'Buy', 'tp_price': np.float64(1755.45), 'sl_price': np.float64(1739.09), 'current_price': np.float64(1753.85), 'checked': False, 'current_bal': 3.0, 'atr': 10.436464285714285, 'atr_mult': 1.0, 'expected_max_loss': np.float64(0.2685292621446917)}
2026-07-09 10:02:04,221 - INFO - Starting Position Manager for BTC/USD
2026-07-09 10:02:04,985 - INFO - SignalExecutor: leverage=15x for ETHUSDT
2026-07-09 10:02:04,986 - INFO - SignalExecutor: ETHUSDT BUY LIMIT @ 1749.53
2026-07-09 10:02:05,235 - INFO - SignalExecutor: placing LIMIT for ETHUSDT…
2026-07-09 10:02:05,451 - ERROR - SignalExecutor: order placement failed for ETHUSDT: APIError(code=-2019): Margin is insufficient.
2026-07-09 10:02:05,453 - INFO - ETH signal: {'symbol': 'ETHUSDT', 'order_type': 'Limit', 'entry_price': np.float64(1749.53), 'order_side': 'Buy', 'tp_price': np.float64(1755.45), 'sl_price': np.float64(1739.09), 'current_price': np.float64(1753.85), 'checked': False, 'current_bal': 3.0, 'atr': 10.436464285714285, 'atr_mult': 1.0, 'expected_max_loss': np.float64(0.2685292621446917), 'qty': '0.020'}
2026-07-09 10:02:05,454 - INFO - ETH order: id=N/A
2026-07-09 10:11:59,846 - INFO - ETH/USD TP hit. Price:1754.7  PNL:3.0
2026-07-09 10:51:42,169 - INFO - ETH/USD BUY limit filled. Price:1748.85
2026-07-09 11:02:00,646 - INFO - Balance – USDT:0.0  BTC:0.0  ETH:0.0
2026-07-09 11:02:00,870 - INFO - Cancelled all stale open orders.
2026-07-09 11:02:00,870 - WARNING - Balance unavailable – using default $3.
2026-07-09 11:02:01,787 - INFO - Starting Hourly Signal Services
2026-07-09 11:02:02,337 - INFO - Starting Position Manager for ETH/USD
2026-07-09 11:02:03,877 - INFO - Starting Position Manager for BTC/USD
2026-07-09 11:02:04,428 - INFO - No signal from either coin this hour.
2026-07-09 12:02:00,720 - INFO - Balance – USDT:0.0  BTC:0.0  ETH:0.0
2026-07-09 12:02:00,942 - INFO - Cancelled all stale open orders.
2026-07-09 12:02:00,942 - WARNING - Balance unavailable – using default $3.
2026-07-09 12:02:01,842 - INFO - Starting Hourly Signal Services
2026-07-09 12:02:02,391 - INFO - Starting Position Manager for ETH/USD
2026-07-09 12:02:03,939 - INFO - Starting Position Manager for BTC/USD
2026-07-09 12:02:04,492 - INFO - No signal from either coin this hour.
2026-07-09 13:02:00,405 - INFO - Balance – USDT:0.0  BTC:0.0  ETH:0.0
2026-07-09 13:02:00,626 - INFO - Cancelled all stale open orders.
2026-07-09 13:02:00,626 - WARNING - Balance unavailable – using default $3.
2026-07-09 13:02:01,527 - INFO - Starting Hourly Signal Services
2026-07-09 13:02:02,072 - INFO - Starting Position Manager for ETH/USD
2026-07-09 13:02:03,626 - INFO - Starting Position Manager for BTC/USD
2026-07-09 13:02:04,169 - INFO - No signal from either coin this hour.
2026-07-09 14:02:00,692 - INFO - Balance – USDT:0.0  BTC:0.0  ETH:0.0
2026-07-09 14:02:00,913 - INFO - Cancelled all stale open orders.
2026-07-09 14:02:00,914 - WARNING - Balance unavailable – using default $3.
2026-07-09 14:02:01,816 - INFO - Starting Hourly Signal Services
2026-07-09 14:02:02,449 - INFO - Starting Position Manager for ETH/USD
2026-07-09 14:02:04,071 - INFO - Starting Position Manager for BTC/USD
2026-07-09 14:02:04,631 - INFO - No signal from either coin this hour.
2026-07-09 15:02:00,453 - INFO - Balance – USDT:0.0  BTC:0.0  ETH:0.0
2026-07-09 15:02:00,676 - INFO - Cancelled all stale open orders.
2026-07-09 15:02:00,676 - WARNING - Balance unavailable – using default $3.
2026-07-09 15:02:01,582 - INFO - Starting Hourly Signal Services
2026-07-09 15:02:02,144 - INFO - Starting Position Manager for ETH/USD
2026-07-09 15:02:03,709 - INFO - Starting Position Manager for BTC/USD
2026-07-09 15:02:04,281 - INFO - No signal from either coin this hour.
2026-07-09 16:02:00,293 - INFO - Balance – USDT:0.0  BTC:0.0  ETH:0.0
2026-07-09 16:02:00,514 - INFO - Cancelled all stale open orders.
2026-07-09 16:02:00,514 - WARNING - Balance unavailable – using default $3.
2026-07-09 16:02:01,427 - INFO - Starting Hourly Signal Services
2026-07-09 16:02:02,010 - INFO - Starting Position Manager for ETH/USD
2026-07-09 16:02:03,610 - INFO - Starting Position Manager for BTC/USD
2026-07-09 16:02:04,185 - INFO - No signal from either coin this hour.
2026-07-09 17:02:00,595 - INFO - Balance – USDT:0.0  BTC:0.0  ETH:0.0
2026-07-09 17:02:00,816 - INFO - Cancelled all stale open orders.
2026-07-09 17:02:00,816 - WARNING - Balance unavailable – using default $3.
2026-07-09 17:02:01,719 - INFO - Starting Hourly Signal Services
2026-07-09 17:02:02,282 - INFO - Starting Position Manager for ETH/USD
2026-07-09 17:02:03,866 - INFO - Starting Position Manager for BTC/USD
2026-07-09 17:02:04,427 - INFO - No signal from either coin this hour.
2026-07-09 18:02:00,831 - INFO - Balance – USDT:0.0  BTC:0.0  ETH:0.0
2026-07-09 18:02:01,056 - INFO - Cancelled all stale open orders.
2026-07-09 18:02:01,056 - WARNING - Balance unavailable – using default $3.
2026-07-09 18:02:01,956 - INFO - Starting Hourly Signal Services
2026-07-09 18:02:03,032 - INFO - Starting Position Manager for ETH/USD
2026-07-09 18:02:04,668 - INFO - Starting Position Manager for BTC/USD
2026-07-09 18:02:05,248 - INFO - No signal from either coin this hour.
2026-07-09 19:02:00,534 - INFO - Balance – USDT:0.0  BTC:0.0  ETH:0.0
2026-07-09 19:02:00,757 - INFO - Cancelled all stale open orders.
2026-07-09 19:02:00,758 - WARNING - Balance unavailable – using default $3.
2026-07-09 19:02:01,670 - INFO - Starting Hourly Signal Services
2026-07-09 19:02:02,346 - INFO - Starting Position Manager for ETH/USD
2026-07-09 19:02:04,349 - INFO - Starting Position Manager for BTC/USD
2026-07-09 19:02:05,213 - INFO - No signal from either coin this hour.
2026-07-09 20:02:00,392 - INFO - Balance – USDT:0.0  BTC:0.0  ETH:0.0
2026-07-09 20:02:00,613 - INFO - Cancelled all stale open orders.
2026-07-09 20:02:00,614 - WARNING - Balance unavailable – using default $3.
2026-07-09 20:02:01,516 - INFO - Starting Hourly Signal Services
2026-07-09 20:02:03,158 - INFO - Starting Position Manager for ETH/USD
2026-07-09 20:02:05,390 - INFO - Starting Position Manager for BTC/USD
2026-07-09 20:02:05,953 - INFO - No signal from either coin this hour.
2026-07-09 21:02:00,378 - INFO - Balance – USDT:0.0  BTC:0.0  ETH:0.0
2026-07-09 21:02:00,598 - INFO - Cancelled all stale open orders.
2026-07-09 21:02:00,598 - WARNING - Balance unavailable – using default $3.
2026-07-09 21:02:01,507 - INFO - Starting Hourly Signal Services
2026-07-09 21:02:02,070 - INFO - Starting Position Manager for ETH/USD
2026-07-09 21:02:03,624 - INFO - Starting Position Manager for BTC/USD
2026-07-09 21:02:04,169 - INFO - No signal from either coin this hour.
2026-07-09 22:02:00,280 - INFO - Balance – USDT:0.0  BTC:0.0  ETH:0.0
2026-07-09 22:02:00,501 - INFO - Cancelled all stale open orders.
2026-07-09 22:02:00,501 - WARNING - Balance unavailable – using default $3.
2026-07-09 22:02:01,416 - INFO - Starting Hourly Signal Services
2026-07-09 22:02:01,966 - INFO - Starting Position Manager for ETH/USD
2026-07-09 22:02:03,535 - INFO - Starting Position Manager for BTC/USD
2026-07-09 22:02:04,515 - INFO - No signal from either coin this hour.
2026-07-09 23:02:01,203 - INFO - Balance – USDT:0.0  BTC:0.0  ETH:0.0
2026-07-09 23:02:01,427 - INFO - Cancelled all stale open orders.
2026-07-09 23:02:01,427 - WARNING - Balance unavailable – using default $3.
2026-07-09 23:02:02,333 - INFO - Starting Hourly Signal Services
2026-07-09 23:02:02,890 - INFO - Starting Position Manager for ETH/USD
2026-07-09 23:02:04,878 - INFO - Starting Position Manager for BTC/USD
2026-07-09 23:02:05,871 - INFO - No signal from either coin this hour.
2026-07-10 00:02:00,969 - INFO - Balance – USDT:0.0  BTC:0.0  ETH:0.0
2026-07-10 00:02:01,187 - INFO - Cancelled all stale open orders.
2026-07-10 00:02:01,187 - WARNING - Balance unavailable – using default $3.
2026-07-10 00:02:02,081 - INFO - Starting Hourly Signal Services
2026-07-10 00:02:02,617 - INFO - Starting Position Manager for ETH/USD
2026-07-10 00:02:04,156 - INFO - Starting Position Manager for BTC/USD
2026-07-10 00:02:04,707 - INFO - No signal from either coin this hour.
2026-07-10 01:02:00,358 - INFO - Balance – USDT:0.0  BTC:0.0  ETH:0.0
2026-07-10 01:02:00,576 - INFO - Cancelled all stale open orders.
2026-07-10 01:02:00,576 - WARNING - Balance unavailable – using default $3.
2026-07-10 01:02:01,485 - INFO - Starting Hourly Signal Services
2026-07-10 01:02:02,028 - INFO - Starting Position Manager for ETH/USD
2026-07-10 01:02:03,572 - INFO - Starting Position Manager for BTC/USD
2026-07-10 01:02:04,133 - INFO - No signal from either coin this hour.
2026-07-10 02:02:01,053 - INFO - Balance – USDT:0.0  BTC:0.0  ETH:0.0
2026-07-10 02:02:01,273 - INFO - Cancelled all stale open orders.
2026-07-10 02:02:01,273 - WARNING - Balance unavailable – using default $3.
2026-07-10 02:02:02,592 - INFO - Starting Hourly Signal Services
2026-07-10 02:02:03,131 - INFO - Starting Position Manager for ETH/USD
2026-07-10 02:02:05,083 - INFO - Starting Position Manager for BTC/USD
2026-07-10 02:02:06,037 - INFO - No signal from either coin this hour.
2026-07-10 03:02:00,260 - INFO - Balance – USDT:0.0  BTC:0.0  ETH:0.0
2026-07-10 03:02:00,484 - INFO - Cancelled all stale open orders.
2026-07-10 03:02:00,484 - WARNING - Balance unavailable – using default $3.
2026-07-10 03:02:01,390 - INFO - Starting Hourly Signal Services
2026-07-10 03:02:01,945 - INFO - Starting Position Manager for ETH/USD
2026-07-10 03:02:03,484 - INFO - Starting Position Manager for BTC/USD
2026-07-10 03:02:04,034 - INFO - No signal from either coin this hour.
2026-07-10 04:02:00,260 - INFO - Balance – USDT:0.0  BTC:0.0  ETH:0.0
2026-07-10 04:02:00,485 - INFO - Cancelled all stale open orders.
2026-07-10 04:02:00,485 - WARNING - Balance unavailable – using default $3.
2026-07-10 04:02:01,385 - INFO - Starting Hourly Signal Services
2026-07-10 04:02:01,936 - INFO - Starting Position Manager for ETH/USD
2026-07-10 04:02:03,465 - INFO - Starting Position Manager for BTC/USD
2026-07-10 04:02:04,008 - INFO - No signal from either coin this hour.
2026-07-10 05:02:00,940 - INFO - Balance – USDT:0.0  BTC:0.0  ETH:0.0
2026-07-10 05:02:01,158 - INFO - Cancelled all stale open orders.
2026-07-10 05:02:01,158 - WARNING - Balance unavailable – using default $3.
2026-07-10 05:02:02,048 - INFO - Starting Hourly Signal Services
2026-07-10 05:02:02,583 - INFO - Starting Position Manager for ETH/USD
2026-07-10 05:02:04,528 - INFO - Starting Position Manager for BTC/USD
2026-07-10 05:02:05,070 - INFO - No signal from either coin this hour.
2026-07-10 06:02:00,856 - INFO - Balance – USDT:0.0  BTC:0.0  ETH:0.0
2026-07-10 06:02:01,074 - INFO - Cancelled all stale open orders.
2026-07-10 06:02:01,074 - WARNING - Balance unavailable – using default $3.
2026-07-10 06:02:01,974 - INFO - Starting Hourly Signal Services
2026-07-10 06:02:02,507 - INFO - Starting Position Manager for ETH/USD
2026-07-10 06:02:04,031 - INFO - Starting Position Manager for BTC/USD
2026-07-10 06:02:04,598 - INFO - No signal from either coin this hour.
2026-07-10 07:02:00,831 - INFO - Balance – USDT:0.0  BTC:0.0  ETH:0.0
2026-07-10 07:02:01,047 - INFO - Cancelled all stale open orders.
2026-07-10 07:02:01,047 - WARNING - Balance unavailable – using default $3.
2026-07-10 07:02:01,948 - INFO - Starting Hourly Signal Services
2026-07-10 07:02:02,490 - INFO - Starting Position Manager for ETH/USD
2026-07-10 07:02:04,441 - INFO - Starting Position Manager for BTC/USD
2026-07-10 07:02:04,984 - INFO - No signal from either coin this hour.
2026-07-10 08:02:00,794 - INFO - Balance – USDT:0.0  BTC:0.0  ETH:0.0
2026-07-10 08:02:01,015 - INFO - Cancelled all stale open orders.
2026-07-10 08:02:01,015 - WARNING - Balance unavailable – using default $3.
2026-07-10 08:02:01,918 - INFO - Starting Hourly Signal Services
2026-07-10 08:02:02,466 - INFO - Starting Position Manager for ETH/USD
2026-07-10 08:02:03,997 - INFO - Starting Position Manager for BTC/USD
2026-07-10 08:02:04,539 - INFO - No signal from either coin this hour.
2026-07-10 09:02:01,009 - INFO - Balance – USDT:0.0  BTC:0.0  ETH:0.0
2026-07-10 09:02:01,228 - INFO - Cancelled all stale open orders.
2026-07-10 09:02:01,228 - WARNING - Balance unavailable – using default $3.
2026-07-10 09:02:02,132 - INFO - Starting Hourly Signal Services
2026-07-10 09:02:03,108 - INFO - Starting Position Manager for ETH/USD
2026-07-10 09:02:05,047 - INFO - Starting Position Manager for BTC/USD
2026-07-10 09:02:06,013 - INFO - No signal from either coin this hour.
2026-07-10 10:02:00,665 - INFO - Balance – USDT:0.0  BTC:0.0  ETH:0.0
2026-07-10 10:02:00,889 - INFO - Cancelled all stale open orders.
2026-07-10 10:02:00,890 - WARNING - Balance unavailable – using default $3.
2026-07-10 10:02:01,791 - INFO - Starting Hourly Signal Services
2026-07-10 10:02:02,329 - INFO - Starting Position Manager for ETH/USD
2026-07-10 10:02:03,880 - INFO - Starting Position Manager for BTC/USD
2026-07-10 10:02:04,428 - INFO - No signal from either coin this hour.
2026-07-10 11:02:01,116 - INFO - Balance – USDT:0.0  BTC:0.0  ETH:0.0
2026-07-10 11:02:01,341 - INFO - Cancelled all stale open orders.
2026-07-10 11:02:01,342 - WARNING - Balance unavailable – using default $3.
2026-07-10 11:02:02,237 - INFO - Starting Hourly Signal Services
2026-07-10 11:02:02,778 - INFO - Starting Position Manager for ETH/USD
2026-07-10 11:02:04,345 - INFO - Starting Position Manager for BTC/USD
2026-07-10 11:02:04,894 - INFO - No signal from either coin this hour.
2026-07-10 12:02:00,774 - INFO - Balance – USDT:0.0  BTC:0.0  ETH:0.0
2026-07-10 12:02:00,992 - INFO - Cancelled all stale open orders.
2026-07-10 12:02:00,992 - WARNING - Balance unavailable – using default $3.
2026-07-10 12:02:01,894 - INFO - Starting Hourly Signal Services
2026-07-10 12:02:02,432 - INFO - Starting Position Manager for ETH/USD
2026-07-10 12:02:03,432 - INFO - ETH/USD signal: {'symbol': 'ETHUSDT', 'order_type': 'Limit', 'entry_price': np.float64(1799.32), 'order_side': 'Buy', 'tp_price': np.float64(1806.43), 'sl_price': np.float64(1784.0), 'current_price': np.float64(1799.564), 'checked': False, 'current_bal': 3.0, 'atr': 11.348749999999995, 'atr_mult': 1.3499999999999999, 'expected_max_loss': np.float64(0.38314474356979145)}
2026-07-10 12:02:03,977 - INFO - Starting Position Manager for BTC/USD
2026-07-10 12:02:04,747 - INFO - SignalExecutor: leverage=15x for ETHUSDT
2026-07-10 12:02:04,747 - INFO - SignalExecutor: ETHUSDT BUY LIMIT @ 1799.32
2026-07-10 12:02:04,998 - INFO - SignalExecutor: placing LIMIT for ETHUSDT…
2026-07-10 12:02:05,218 - ERROR - SignalExecutor: order placement failed for ETHUSDT: APIError(code=-2019): Margin is insufficient.
2026-07-10 12:02:05,221 - INFO - ETH signal: {'symbol': 'ETHUSDT', 'order_type': 'Limit', 'entry_price': np.float64(1799.32), 'order_side': 'Buy', 'tp_price': np.float64(1806.43), 'sl_price': np.float64(1784.0), 'current_price': np.float64(1799.564), 'checked': False, 'current_bal': 3.0, 'atr': 11.348749999999995, 'atr_mult': 1.3499999999999999, 'expected_max_loss': np.float64(0.38314474356979145), 'qty': '0.020'}
2026-07-10 12:02:05,221 - INFO - ETH order: id=N/A
2026-07-10 12:03:54,422 - INFO - ETH/USD BUY limit filled. Price:1798.801
2026-07-10 13:02:01,220 - INFO - Balance – USDT:0.0  BTC:0.0  ETH:0.0
2026-07-10 13:02:01,444 - INFO - Cancelled all stale open orders.
2026-07-10 13:02:01,444 - WARNING - Balance unavailable – using default $3.
2026-07-10 13:02:02,345 - INFO - Starting Hourly Signal Services
2026-07-10 13:02:02,888 - INFO - Starting Position Manager for ETH/USD
2026-07-10 13:02:05,727 - INFO - Starting Position Manager for BTC/USD
2026-07-10 13:02:07,143 - INFO - No signal from either coin this hour.
2026-07-10 14:02:00,387 - INFO - Balance – USDT:0.0  BTC:0.0  ETH:0.0
2026-07-10 14:02:00,608 - INFO - Cancelled all stale open orders.
2026-07-10 14:02:00,608 - WARNING - Balance unavailable – using default $3.
2026-07-10 14:02:01,508 - INFO - Starting Hourly Signal Services
2026-07-10 14:02:02,104 - INFO - Starting Position Manager for ETH/USD
2026-07-10 14:02:03,706 - INFO - Starting Position Manager for BTC/USD
2026-07-10 14:02:04,259 - INFO - No signal from either coin this hour.
2026-07-10 15:02:01,460 - INFO - Balance – USDT:0.0  BTC:0.0  ETH:0.0
2026-07-10 15:02:01,678 - INFO - Cancelled all stale open orders.
2026-07-10 15:02:01,679 - WARNING - Balance unavailable – using default $3.
2026-07-10 15:02:02,581 - INFO - Starting Hourly Signal Services
2026-07-10 15:02:03,214 - INFO - Starting Position Manager for ETH/USD
2026-07-10 15:02:04,898 - INFO - Starting Position Manager for BTC/USD
2026-07-10 15:02:05,453 - INFO - No signal from either coin this hour.
2026-07-10 16:02:00,734 - INFO - Balance – USDT:0.0  BTC:0.0  ETH:0.0
2026-07-10 16:02:00,961 - INFO - Cancelled all stale open orders.
2026-07-10 16:02:00,961 - WARNING - Balance unavailable – using default $3.
2026-07-10 16:02:01,861 - INFO - Starting Hourly Signal Services
2026-07-10 16:02:02,621 - INFO - Starting Position Manager for ETH/USD
2026-07-10 16:02:04,416 - INFO - Starting Position Manager for BTC/USD
2026-07-10 16:02:05,006 - INFO - No signal from either coin this hour.
2026-07-10 17:02:00,337 - INFO - Balance – USDT:0.0  BTC:0.0  ETH:0.0
2026-07-10 17:02:00,556 - INFO - Cancelled all stale open orders.
2026-07-10 17:02:00,556 - WARNING - Balance unavailable – using default $3.
2026-07-10 17:02:01,461 - INFO - Starting Hourly Signal Services
2026-07-10 17:02:02,128 - INFO - Starting Position Manager for ETH/USD
2026-07-10 17:02:03,807 - INFO - Starting Position Manager for BTC/USD
2026-07-10 17:02:04,356 - INFO - No signal from either coin this hour.
2026-07-10 18:02:00,309 - INFO - Balance – USDT:0.0  BTC:0.0  ETH:0.0
2026-07-10 18:02:00,540 - INFO - Cancelled all stale open orders.
2026-07-10 18:02:00,540 - WARNING - Balance unavailable – using default $3.
2026-07-10 18:02:01,443 - INFO - Starting Hourly Signal Services
2026-07-10 18:02:02,245 - INFO - Starting Position Manager for ETH/USD
2026-07-10 18:02:04,095 - INFO - Starting Position Manager for BTC/USD
2026-07-10 18:02:04,654 - INFO - No signal from either coin this hour.
2026-07-10 19:02:00,631 - INFO - Balance – USDT:0.0  BTC:0.0  ETH:0.0
2026-07-10 19:02:00,857 - INFO - Cancelled all stale open orders.
2026-07-10 19:02:00,858 - WARNING - Balance unavailable – using default $3.
2026-07-10 19:02:01,768 - INFO - Starting Hourly Signal Services
2026-07-10 19:02:02,398 - INFO - Starting Position Manager for ETH/USD
2026-07-10 19:02:04,031 - INFO - Starting Position Manager for BTC/USD
2026-07-10 19:02:04,587 - INFO - No signal from either coin this hour.
2026-07-10 20:02:00,274 - INFO - Balance – USDT:0.0  BTC:0.0  ETH:0.0
2026-07-10 20:02:00,496 - INFO - Cancelled all stale open orders.
2026-07-10 20:02:00,496 - WARNING - Balance unavailable – using default $3.
2026-07-10 20:02:01,398 - INFO - Starting Hourly Signal Services
2026-07-10 20:02:01,955 - INFO - Starting Position Manager for ETH/USD
2026-07-10 20:02:03,667 - INFO - Starting Position Manager for BTC/USD
2026-07-10 20:02:04,318 - INFO - No signal from either coin this hour.
2026-07-10 21:02:03,390 - INFO - Balance – USDT:0.0  BTC:0.0  ETH:0.0
2026-07-10 21:02:03,613 - INFO - Cancelled all stale open orders.
2026-07-10 21:02:03,613 - WARNING - Balance unavailable – using default $3.
2026-07-10 21:02:04,532 - INFO - Starting Hourly Signal Services
2026-07-10 21:02:05,088 - INFO - Starting Position Manager for ETH/USD
2026-07-10 21:02:06,656 - INFO - Starting Position Manager for BTC/USD
2026-07-10 21:02:07,211 - INFO - No signal from either coin this hour.
2026-07-10 22:02:00,962 - INFO - Balance – USDT:0.0  BTC:0.0  ETH:0.0
2026-07-10 22:02:01,183 - INFO - Cancelled all stale open orders.
2026-07-10 22:02:01,183 - WARNING - Balance unavailable – using default $3.
2026-07-10 22:02:02,085 - INFO - Starting Hourly Signal Services
2026-07-10 22:02:02,622 - INFO - Starting Position Manager for ETH/USD
2026-07-10 22:02:04,169 - INFO - Starting Position Manager for BTC/USD
2026-07-10 22:02:04,723 - INFO - No signal from either coin this hour.
2026-07-10 23:02:00,999 - INFO - Balance – USDT:0.0  BTC:0.0  ETH:0.0
2026-07-10 23:02:01,221 - INFO - Cancelled all stale open orders.
2026-07-10 23:02:01,221 - WARNING - Balance unavailable – using default $3.
2026-07-10 23:02:02,123 - INFO - Starting Hourly Signal Services
2026-07-10 23:02:02,666 - INFO - Starting Position Manager for ETH/USD
2026-07-10 23:02:04,213 - INFO - Starting Position Manager for BTC/USD
2026-07-10 23:02:04,771 - INFO - No signal from either coin this hour.
2026-07-11 00:02:00,464 - INFO - Balance – USDT:0.0  BTC:0.0  ETH:0.0
2026-07-11 00:02:00,687 - INFO - Cancelled all stale open orders.
2026-07-11 00:02:00,687 - WARNING - Balance unavailable – using default $3.
2026-07-11 00:02:01,580 - INFO - Starting Hourly Signal Services
2026-07-11 00:02:02,116 - INFO - Starting Position Manager for ETH/USD
2026-07-11 00:02:03,654 - INFO - Starting Position Manager for BTC/USD
2026-07-11 00:02:04,197 - INFO - No signal from either coin this hour.
2026-07-11 01:02:00,291 - INFO - Balance – USDT:0.0  BTC:0.0  ETH:0.0
2026-07-11 01:02:00,518 - INFO - Cancelled all stale open orders.
2026-07-11 01:02:00,518 - WARNING - Balance unavailable – using default $3.
2026-07-11 01:02:01,420 - INFO - Starting Hourly Signal Services
2026-07-11 01:02:01,963 - INFO - Starting Position Manager for ETH/USD
2026-07-11 01:02:03,499 - INFO - Starting Position Manager for BTC/USD
2026-07-11 01:02:04,046 - INFO - No signal from either coin this hour.
2026-07-11 02:02:00,708 - INFO - Balance – USDT:0.0  BTC:0.0  ETH:0.0
2026-07-11 02:02:00,929 - INFO - Cancelled all stale open orders.
2026-07-11 02:02:00,929 - WARNING - Balance unavailable – using default $3.
2026-07-11 02:02:01,822 - INFO - Starting Hourly Signal Services
2026-07-11 02:02:02,361 - INFO - Starting Position Manager for ETH/USD
2026-07-11 02:02:04,352 - INFO - Starting Position Manager for BTC/USD
2026-07-11 02:02:04,906 - INFO - No signal from either coin this hour.
2026-07-11 03:02:00,962 - INFO - Balance – USDT:0.0  BTC:0.0  ETH:0.0
2026-07-11 03:02:01,179 - INFO - Cancelled all stale open orders.
2026-07-11 03:02:01,179 - WARNING - Balance unavailable – using default $3.
2026-07-11 03:02:02,081 - INFO - Starting Hourly Signal Services
2026-07-11 03:02:02,622 - INFO - Starting Position Manager for ETH/USD
2026-07-11 03:02:04,151 - INFO - Starting Position Manager for BTC/USD
2026-07-11 03:02:04,696 - INFO - No signal from either coin this hour.
2026-07-11 04:02:00,960 - INFO - Balance – USDT:0.0  BTC:0.0  ETH:0.0
2026-07-11 04:02:01,183 - INFO - Cancelled all stale open orders.
2026-07-11 04:02:01,184 - WARNING - Balance unavailable – using default $3.
2026-07-11 04:02:02,081 - INFO - Starting Hourly Signal Services
2026-07-11 04:02:02,619 - INFO - Starting Position Manager for ETH/USD
2026-07-11 04:02:04,171 - INFO - Starting Position Manager for BTC/USD
2026-07-11 04:02:04,717 - INFO - No signal from either coin this hour.
2026-07-11 05:02:00,331 - INFO - Balance – USDT:0.0  BTC:0.0  ETH:0.0
2026-07-11 05:02:00,552 - INFO - Cancelled all stale open orders.
2026-07-11 05:02:00,552 - WARNING - Balance unavailable – using default $3.
2026-07-11 05:02:01,466 - INFO - Starting Hourly Signal Services
2026-07-11 05:02:02,010 - INFO - Starting Position Manager for ETH/USD
2026-07-11 05:02:03,535 - INFO - Starting Position Manager for BTC/USD
2026-07-11 05:02:04,085 - INFO - No signal from either coin this hour.
2026-07-11 06:02:00,336 - INFO - Balance – USDT:0.0  BTC:0.0  ETH:0.0
2026-07-11 06:02:00,557 - INFO - Cancelled all stale open orders.
2026-07-11 06:02:00,558 - WARNING - Balance unavailable – using default $3.
2026-07-11 06:02:01,460 - INFO - Starting Hourly Signal Services
2026-07-11 06:02:01,999 - INFO - Starting Position Manager for ETH/USD
2026-07-11 06:02:03,544 - INFO - Starting Position Manager for BTC/USD
2026-07-11 06:02:04,094 - INFO - No signal from either coin this hour.
2026-07-11 07:02:00,941 - INFO - Balance – USDT:0.0  BTC:0.0  ETH:0.0
2026-07-11 07:02:01,161 - INFO - Cancelled all stale open orders.
2026-07-11 07:02:01,162 - WARNING - Balance unavailable – using default $3.
2026-07-11 07:02:02,481 - INFO - Starting Hourly Signal Services
2026-07-11 07:02:03,021 - INFO - Starting Position Manager for ETH/USD
2026-07-11 07:02:04,557 - INFO - Starting Position Manager for BTC/USD
2026-07-11 07:02:05,106 - INFO - No signal from either coin this hour.
2026-07-11 08:02:00,524 - INFO - Balance – USDT:0.0  BTC:0.0  ETH:0.0
2026-07-11 08:02:00,747 - INFO - Cancelled all stale open orders.
2026-07-11 08:02:00,747 - WARNING - Balance unavailable – using default $3.
2026-07-11 08:02:01,650 - INFO - Starting Hourly Signal Services
2026-07-11 08:02:02,201 - INFO - Starting Position Manager for ETH/USD
2026-07-11 08:02:03,757 - INFO - Starting Position Manager for BTC/USD
2026-07-11 08:02:04,303 - INFO - No signal from either coin this hour.
2026-07-11 09:02:00,706 - INFO - Balance – USDT:0.0  BTC:0.0  ETH:0.0
2026-07-11 09:02:00,932 - INFO - Cancelled all stale open orders.
2026-07-11 09:02:00,932 - WARNING - Balance unavailable – using default $3.
2026-07-11 09:02:01,842 - INFO - Starting Hourly Signal Services
2026-07-11 09:02:02,374 - INFO - Starting Position Manager for ETH/USD
2026-07-11 09:02:03,915 - INFO - Starting Position Manager for BTC/USD
2026-07-11 09:02:04,459 - INFO - No signal from either coin this hour.
2026-07-11 10:02:00,867 - INFO - Balance – USDT:0.0  BTC:0.0  ETH:0.0
2026-07-11 10:02:01,088 - INFO - Cancelled all stale open orders.
2026-07-11 10:02:01,088 - WARNING - Balance unavailable – using default $3.
2026-07-11 10:02:01,991 - INFO - Starting Hourly Signal Services
2026-07-11 10:02:02,541 - INFO - Starting Position Manager for ETH/USD
2026-07-11 10:02:04,092 - INFO - Starting Position Manager for BTC/USD
2026-07-11 10:02:04,634 - INFO - No signal from either coin this hour.
2026-07-11 11:02:00,361 - INFO - Balance – USDT:0.0  BTC:0.0  ETH:0.0
2026-07-11 11:02:00,586 - INFO - Cancelled all stale open orders.
2026-07-11 11:02:00,586 - WARNING - Balance unavailable – using default $3.
2026-07-11 11:02:01,929 - INFO - Starting Hourly Signal Services
2026-07-11 11:02:02,468 - INFO - Starting Position Manager for ETH/USD
2026-07-11 11:02:04,442 - INFO - Starting Position Manager for BTC/USD
2026-07-11 11:02:04,996 - INFO - No signal from either coin this hour.
2026-07-11 12:02:01,190 - INFO - Balance – USDT:0.0  BTC:0.0  ETH:0.0
2026-07-11 12:02:01,412 - INFO - Cancelled all stale open orders.
2026-07-11 12:02:01,412 - WARNING - Balance unavailable – using default $3.
2026-07-11 12:02:02,318 - INFO - Starting Hourly Signal Services
2026-07-11 12:02:02,861 - INFO - Starting Position Manager for ETH/USD
2026-07-11 12:02:04,394 - INFO - Starting Position Manager for BTC/USD
2026-07-11 12:02:04,945 - INFO - No signal from either coin this hour.
2026-07-11 13:02:00,265 - INFO - Balance – USDT:0.0  BTC:0.0  ETH:0.0
2026-07-11 13:02:00,488 - INFO - Cancelled all stale open orders.
2026-07-11 13:02:00,488 - WARNING - Balance unavailable – using default $3.
2026-07-11 13:02:01,390 - INFO - Starting Hourly Signal Services
2026-07-11 13:02:01,931 - INFO - Starting Position Manager for ETH/USD
2026-07-11 13:02:03,685 - INFO - Starting Position Manager for BTC/USD
2026-07-11 13:02:04,252 - INFO - No signal from either coin this hour.
2026-07-11 14:02:01,150 - INFO - Balance – USDT:0.0  BTC:0.0  ETH:0.0
2026-07-11 14:02:01,373 - INFO - Cancelled all stale open orders.
2026-07-11 14:02:01,373 - WARNING - Balance unavailable – using default $3.
2026-07-11 14:02:02,287 - INFO - Starting Hourly Signal Services
2026-07-11 14:02:03,273 - INFO - Starting Position Manager for ETH/USD
2026-07-11 14:02:04,826 - INFO - Starting Position Manager for BTC/USD
2026-07-11 14:02:05,369 - INFO - No signal from either coin this hour.
2026-07-11 15:02:01,188 - INFO - Balance – USDT:0.0  BTC:0.0  ETH:0.0
2026-07-11 15:02:01,407 - INFO - Cancelled all stale open orders.
2026-07-11 15:02:01,407 - WARNING - Balance unavailable – using default $3.
2026-07-11 15:02:02,321 - INFO - Starting Hourly Signal Services
2026-07-11 15:02:02,859 - INFO - Starting Position Manager for ETH/USD
2026-07-11 15:02:04,845 - INFO - Starting Position Manager for BTC/USD
2026-07-11 15:02:05,396 - INFO - No signal from either coin this hour.
2026-07-11 16:02:01,086 - INFO - Balance – USDT:0.0  BTC:0.0  ETH:0.0
2026-07-11 16:02:01,309 - INFO - Cancelled all stale open orders.
2026-07-11 16:02:01,309 - WARNING - Balance unavailable – using default $3.
2026-07-11 16:02:02,207 - INFO - Starting Hourly Signal Services
2026-07-11 16:02:02,766 - INFO - Starting Position Manager for ETH/USD
2026-07-11 16:02:05,171 - INFO - Starting Position Manager for BTC/USD
2026-07-11 16:02:05,717 - INFO - No signal from either coin this hour.
2026-07-11 17:02:03,183 - INFO - Balance – USDT:0.0  BTC:0.0  ETH:0.0
2026-07-11 17:02:03,405 - INFO - Cancelled all stale open orders.
2026-07-11 17:02:03,405 - WARNING - Balance unavailable – using default $3.
2026-07-11 17:02:04,306 - INFO - Starting Hourly Signal Services
2026-07-11 17:02:04,845 - INFO - Starting Position Manager for ETH/USD
2026-07-11 17:02:05,838 - INFO - ETH/USD signal: {'symbol': 'ETHUSDT', 'order_type': 'Limit', 'entry_price': np.float64(1812.92), 'order_side': 'Buy', 'tp_price': np.float64(1826.51), 'sl_price': np.float64(1803.82), 'current_price': np.float64(1821.825), 'checked': False, 'current_bal': 3.0, 'atr': 8.23846519214281, 'atr_mult': 1.105, 'expected_max_loss': np.float64(0.22587869293736412)}
2026-07-11 17:02:06,383 - INFO - Starting Position Manager for BTC/USD
2026-07-11 17:02:07,155 - INFO - SignalExecutor: leverage=15x for ETHUSDT
2026-07-11 17:02:07,156 - INFO - SignalExecutor: ETHUSDT BUY LIMIT @ 1812.92
2026-07-11 17:02:08,231 - INFO - SignalExecutor: placing LIMIT for ETHUSDT…
2026-07-11 17:02:08,455 - ERROR - SignalExecutor: order placement failed for ETHUSDT: APIError(code=-2019): Margin is insufficient.
2026-07-11 17:02:08,457 - INFO - ETH signal: {'symbol': 'ETHUSDT', 'order_type': 'Limit', 'entry_price': np.float64(1812.92), 'order_side': 'Buy', 'tp_price': np.float64(1826.51), 'sl_price': np.float64(1803.82), 'current_price': np.float64(1821.825), 'checked': False, 'current_bal': 3.0, 'atr': 8.23846519214281, 'atr_mult': 1.105, 'expected_max_loss': np.float64(0.22587869293736412), 'qty': '0.019'}
2026-07-11 17:02:08,457 - INFO - ETH order: id=N/A
2026-07-11 18:02:01,594 - INFO - Balance – USDT:0.0  BTC:0.0  ETH:0.0
2026-07-11 18:02:01,812 - INFO - Cancelled all stale open orders.
2026-07-11 18:02:01,813 - WARNING - Balance unavailable – using default $3.
2026-07-11 18:02:02,721 - INFO - Starting Hourly Signal Services
2026-07-11 18:02:03,264 - INFO - Starting Position Manager for ETH/USD
2026-07-11 18:02:04,250 - INFO - ETH/USD signal: {'symbol': 'ETHUSDT', 'order_type': 'Limit', 'entry_price': np.float64(1818.08), 'order_side': 'Buy', 'tp_price': np.float64(1828.77), 'sl_price': np.float64(1808.46), 'current_price': np.float64(1823.306), 'checked': False, 'current_bal': 3.0, 'atr': 8.704500906428507, 'atr_mult': 1.105, 'expected_max_loss': np.float64(0.23810833406670504)}
2026-07-11 18:02:04,798 - INFO - Starting Position Manager for BTC/USD
2026-07-11 18:02:05,561 - INFO - SignalExecutor: leverage=15x for ETHUSDT
2026-07-11 18:02:05,561 - INFO - SignalExecutor: ETHUSDT BUY LIMIT @ 1818.08
2026-07-11 18:02:05,814 - INFO - SignalExecutor: placing LIMIT for ETHUSDT…
2026-07-11 18:02:06,037 - ERROR - SignalExecutor: order placement failed for ETHUSDT: APIError(code=-2019): Margin is insufficient.
2026-07-11 18:02:06,039 - INFO - ETH signal: {'symbol': 'ETHUSDT', 'order_type': 'Limit', 'entry_price': np.float64(1818.08), 'order_side': 'Buy', 'tp_price': np.float64(1828.77), 'sl_price': np.float64(1808.46), 'current_price': np.float64(1823.306), 'checked': False, 'current_bal': 3.0, 'atr': 8.704500906428507, 'atr_mult': 1.105, 'expected_max_loss': np.float64(0.23810833406670504), 'qty': '0.019'}
2026-07-11 18:02:06,039 - INFO - ETH order: id=N/A
2026-07-11 19:02:02,739 - INFO - Balance – USDT:0.0  BTC:0.0  ETH:0.0
2026-07-11 19:02:02,958 - INFO - Cancelled all stale open orders.
2026-07-11 19:02:02,958 - WARNING - Balance unavailable – using default $3.
2026-07-11 19:02:03,879 - INFO - Starting Hourly Signal Services
2026-07-11 19:02:04,435 - INFO - Starting Position Manager for ETH/USD
2026-07-11 19:02:05,984 - INFO - Starting Position Manager for BTC/USD
2026-07-11 19:02:06,533 - INFO - No signal from either coin this hour.
2026-07-11 20:02:01,053 - INFO - Balance – USDT:0.0  BTC:0.0  ETH:0.0
2026-07-11 20:02:01,277 - INFO - Cancelled all stale open orders.
2026-07-11 20:02:01,277 - WARNING - Balance unavailable – using default $3.
2026-07-11 20:02:02,186 - INFO - Starting Hourly Signal Services
2026-07-11 20:02:02,726 - INFO - Starting Position Manager for ETH/USD
2026-07-11 20:02:04,275 - INFO - Starting Position Manager for BTC/USD
2026-07-11 20:02:04,824 - INFO - No signal from either coin this hour.
2026-07-11 21:02:00,657 - INFO - Balance – USDT:0.0  BTC:0.0  ETH:0.0
2026-07-11 21:02:00,878 - INFO - Cancelled all stale open orders.
2026-07-11 21:02:00,878 - WARNING - Balance unavailable – using default $3.
2026-07-11 21:02:01,786 - INFO - Starting Hourly Signal Services
2026-07-11 21:02:02,328 - INFO - Starting Position Manager for ETH/USD
2026-07-11 21:02:03,875 - INFO - Starting Position Manager for BTC/USD
2026-07-11 21:02:04,418 - INFO - No signal from either coin this hour.
2026-07-11 22:02:00,666 - INFO - Balance – USDT:0.0  BTC:0.0  ETH:0.0
2026-07-11 22:02:00,887 - INFO - Cancelled all stale open orders.
2026-07-11 22:02:00,887 - WARNING - Balance unavailable – using default $3.
2026-07-11 22:02:01,784 - INFO - Starting Hourly Signal Services
2026-07-11 22:02:02,346 - INFO - Starting Position Manager for ETH/USD
2026-07-11 22:02:03,911 - INFO - Starting Position Manager for BTC/USD
2026-07-11 22:02:04,456 - INFO - No signal from either coin this hour.
2026-07-11 23:02:00,266 - INFO - Balance – USDT:0.0  BTC:0.0  ETH:0.0
2026-07-11 23:02:00,491 - INFO - Cancelled all stale open orders.
2026-07-11 23:02:00,491 - WARNING - Balance unavailable – using default $3.
2026-07-11 23:02:01,400 - INFO - Starting Hourly Signal Services
2026-07-11 23:02:01,956 - INFO - Starting Position Manager for ETH/USD
2026-07-11 23:02:03,661 - INFO - Starting Position Manager for BTC/USD
2026-07-11 23:02:04,216 - INFO - No signal from either coin this hour.
2026-07-12 00:02:00,294 - INFO - Balance – USDT:0.0  BTC:0.0  ETH:0.0
2026-07-12 00:02:00,516 - INFO - Cancelled all stale open orders.
2026-07-12 00:02:00,516 - WARNING - Balance unavailable – using default $3.
2026-07-12 00:02:01,427 - INFO - Starting Hourly Signal Services
2026-07-12 00:02:01,966 - INFO - Starting Position Manager for ETH/USD
2026-07-12 00:02:04,094 - INFO - Starting Position Manager for BTC/USD
2026-07-12 00:02:04,640 - INFO - No signal from either coin this hour.
2026-07-12 01:02:00,408 - INFO - Balance – USDT:0.0  BTC:0.0  ETH:0.0
2026-07-12 01:02:00,629 - INFO - Cancelled all stale open orders.
2026-07-12 01:02:00,629 - WARNING - Balance unavailable – using default $3.
2026-07-12 01:02:01,537 - INFO - Starting Hourly Signal Services
2026-07-12 01:02:02,078 - INFO - Starting Position Manager for ETH/USD
2026-07-12 01:02:04,036 - INFO - Starting Position Manager for BTC/USD
2026-07-12 01:02:05,017 - INFO - No signal from either coin this hour.
2026-07-12 02:02:00,439 - INFO - Balance – USDT:0.0  BTC:0.0  ETH:0.0
2026-07-12 02:02:00,659 - INFO - Cancelled all stale open orders.
2026-07-12 02:02:00,659 - WARNING - Balance unavailable – using default $3.
2026-07-12 02:02:01,561 - INFO - Starting Hourly Signal Services
2026-07-12 02:02:02,100 - INFO - Starting Position Manager for ETH/USD
2026-07-12 02:02:04,502 - INFO - Starting Position Manager for BTC/USD
2026-07-12 02:02:05,045 - INFO - No signal from either coin this hour.
2026-07-12 03:02:00,830 - INFO - Balance – USDT:0.0  BTC:0.0  ETH:0.0
2026-07-12 03:02:01,055 - INFO - Cancelled all stale open orders.
2026-07-12 03:02:01,055 - WARNING - Balance unavailable – using default $3.
2026-07-12 03:02:01,963 - INFO - Starting Hourly Signal Services
2026-07-12 03:02:02,501 - INFO - Starting Position Manager for ETH/USD
2026-07-12 03:02:04,046 - INFO - Starting Position Manager for BTC/USD
2026-07-12 03:02:04,589 - INFO - No signal from either coin this hour.
2026-07-12 04:02:00,262 - INFO - Balance – USDT:0.0  BTC:0.0  ETH:0.0
2026-07-12 04:02:00,486 - INFO - Cancelled all stale open orders.
2026-07-12 04:02:00,487 - WARNING - Balance unavailable – using default $3.
2026-07-12 04:02:01,381 - INFO - Starting Hourly Signal Services
2026-07-12 04:02:01,933 - INFO - Starting Position Manager for ETH/USD
2026-07-12 04:02:03,491 - INFO - Starting Position Manager for BTC/USD
2026-07-12 04:02:04,047 - INFO - No signal from either coin this hour.
2026-07-12 05:02:00,605 - INFO - Balance – USDT:0.0  BTC:0.0  ETH:0.0
2026-07-12 05:02:00,827 - INFO - Cancelled all stale open orders.
2026-07-12 05:02:00,827 - WARNING - Balance unavailable – using default $3.
2026-07-12 05:02:01,726 - INFO - Starting Hourly Signal Services
2026-07-12 05:02:02,268 - INFO - Starting Position Manager for ETH/USD
2026-07-12 05:02:03,795 - INFO - Starting Position Manager for BTC/USD
2026-07-12 05:02:04,341 - INFO - No signal from either coin this hour.
2026-07-12 06:02:00,953 - INFO - Balance – USDT:0.0  BTC:0.0  ETH:0.0
2026-07-12 06:02:01,173 - INFO - Cancelled all stale open orders.
2026-07-12 06:02:01,174 - WARNING - Balance unavailable – using default $3.
2026-07-12 06:02:02,081 - INFO - Starting Hourly Signal Services
2026-07-12 06:02:02,619 - INFO - Starting Position Manager for ETH/USD
2026-07-12 06:02:04,157 - INFO - Starting Position Manager for BTC/USD
2026-07-12 06:02:04,700 - INFO - No signal from either coin this hour.
2026-07-12 07:02:00,604 - INFO - Balance – USDT:0.0  BTC:0.0  ETH:0.0
2026-07-12 07:02:00,827 - INFO - Cancelled all stale open orders.
2026-07-12 07:02:00,827 - WARNING - Balance unavailable – using default $3.
2026-07-12 07:02:01,728 - INFO - Starting Hourly Signal Services
2026-07-12 07:02:02,269 - INFO - Starting Position Manager for ETH/USD
2026-07-12 07:02:03,258 - INFO - ETH/USD signal: {'symbol': 'ETHUSDT', 'order_type': 'Limit', 'entry_price': np.float64(1800.33), 'order_side': 'Sell', 'tp_price': np.float64(1792.65), 'sl_price': np.float64(1811.17), 'current_price': np.float64(1794.0), 'checked': False, 'current_bal': 3.0, 'atr': 10.505964285714251, 'atr_mult': 1.0314999999999999, 'expected_max_loss': np.float64(0.2709503257736118)}
2026-07-12 07:02:03,804 - INFO - Starting Position Manager for BTC/USD
2026-07-12 07:02:04,574 - INFO - SignalExecutor: leverage=15x for ETHUSDT
2026-07-12 07:02:04,574 - INFO - SignalExecutor: ETHUSDT SELL LIMIT @ 1800.33
2026-07-12 07:02:04,824 - INFO - SignalExecutor: placing LIMIT for ETHUSDT…
2026-07-12 07:02:05,046 - ERROR - SignalExecutor: order placement failed for ETHUSDT: APIError(code=-2019): Margin is insufficient.
2026-07-12 07:02:05,048 - INFO - ETH signal: {'symbol': 'ETHUSDT', 'order_type': 'Limit', 'entry_price': np.float64(1800.33), 'order_side': 'Sell', 'tp_price': np.float64(1792.65), 'sl_price': np.float64(1811.17), 'current_price': np.float64(1794.0), 'checked': False, 'current_bal': 3.0, 'atr': 10.505964285714251, 'atr_mult': 1.0314999999999999, 'expected_max_loss': np.float64(0.2709503257736118), 'qty': '0.019'}
2026-07-12 07:02:05,048 - INFO - ETH order: id=N/A
2026-07-12 08:02:00,589 - INFO - Balance – USDT:0.0  BTC:0.0  ETH:0.0
2026-07-12 08:02:00,811 - INFO - Cancelled all stale open orders.
2026-07-12 08:02:00,811 - WARNING - Balance unavailable – using default $3.
2026-07-12 08:02:01,713 - INFO - Starting Hourly Signal Services
2026-07-12 08:02:02,254 - INFO - Starting Position Manager for ETH/USD
2026-07-12 08:02:03,797 - INFO - Starting Position Manager for BTC/USD
2026-07-12 08:02:04,342 - INFO - No signal from either coin this hour.
2026-07-12 09:02:02,764 - INFO - Balance – USDT:0.0  BTC:0.0  ETH:0.0
2026-07-12 09:02:02,986 - INFO - Cancelled all stale open orders.
2026-07-12 09:02:02,986 - WARNING - Balance unavailable – using default $3.
2026-07-12 09:02:03,892 - INFO - Starting Hourly Signal Services
2026-07-12 09:02:04,427 - INFO - Starting Position Manager for ETH/USD
2026-07-12 09:02:05,973 - INFO - Starting Position Manager for BTC/USD
2026-07-12 09:02:06,522 - INFO - No signal from either coin this hour.
2026-07-12 10:02:01,049 - INFO - Balance – USDT:0.0  BTC:0.0  ETH:0.0
2026-07-12 10:02:01,271 - INFO - Cancelled all stale open orders.
2026-07-12 10:02:01,271 - WARNING - Balance unavailable – using default $3.
2026-07-12 10:02:02,178 - INFO - Starting Hourly Signal Services
2026-07-12 10:02:02,711 - INFO - Starting Position Manager for ETH/USD
2026-07-12 10:02:04,245 - INFO - Starting Position Manager for BTC/USD
2026-07-12 10:02:04,802 - INFO - No signal from either coin this hour.
2026-07-12 11:02:00,302 - INFO - Balance – USDT:0.0  BTC:0.0  ETH:0.0
2026-07-12 11:02:00,524 - INFO - Cancelled all stale open orders.
2026-07-12 11:02:00,524 - WARNING - Balance unavailable – using default $3.
2026-07-12 11:02:01,661 - INFO - Starting Hourly Signal Services
2026-07-12 11:02:02,207 - INFO - Starting Position Manager for ETH/USD
2026-07-12 11:02:03,736 - INFO - Starting Position Manager for BTC/USD
2026-07-12 11:02:04,280 - INFO - No signal from either coin this hour.
2026-07-12 12:02:00,464 - INFO - Balance – USDT:0.0  BTC:0.0  ETH:0.0
2026-07-12 12:02:00,686 - INFO - Cancelled all stale open orders.
2026-07-12 12:02:00,686 - WARNING - Balance unavailable – using default $3.
2026-07-12 12:02:01,589 - INFO - Starting Hourly Signal Services
2026-07-12 12:02:02,130 - INFO - Starting Position Manager for ETH/USD
2026-07-12 12:02:04,520 - INFO - Starting Position Manager for BTC/USD
2026-07-12 12:02:05,070 - INFO - No signal from either coin this hour.
2026-07-12 13:02:01,113 - INFO - Balance – USDT:0.0  BTC:0.0  ETH:0.0
2026-07-12 13:02:01,333 - INFO - Cancelled all stale open orders.
2026-07-12 13:02:01,333 - WARNING - Balance unavailable – using default $3.
2026-07-12 13:02:02,254 - INFO - Starting Hourly Signal Services
2026-07-12 13:02:02,798 - INFO - Starting Position Manager for ETH/USD
2026-07-12 13:02:04,771 - INFO - Starting Position Manager for BTC/USD
2026-07-12 13:02:05,325 - INFO - No signal from either coin this hour.
2026-07-12 14:02:00,952 - INFO - Balance – USDT:0.0  BTC:0.0  ETH:0.0
2026-07-12 14:02:01,172 - INFO - Cancelled all stale open orders.
2026-07-12 14:02:01,172 - WARNING - Balance unavailable – using default $3.
2026-07-12 14:02:02,080 - INFO - Starting Hourly Signal Services
2026-07-12 14:02:02,614 - INFO - Starting Position Manager for ETH/USD
2026-07-12 14:02:04,156 - INFO - Starting Position Manager for BTC/USD
2026-07-12 14:02:04,711 - INFO - No signal from either coin this hour.
2026-07-12 15:02:00,512 - INFO - Balance – USDT:0.0  BTC:0.0  ETH:0.0
2026-07-12 15:02:00,733 - INFO - Cancelled all stale open orders.
2026-07-12 15:02:00,733 - WARNING - Balance unavailable – using default $3.
2026-07-12 15:02:01,649 - INFO - Starting Hourly Signal Services
2026-07-12 15:02:02,194 - INFO - Starting Position Manager for ETH/USD
2026-07-12 15:02:03,757 - INFO - Starting Position Manager for BTC/USD
2026-07-12 15:02:04,309 - INFO - No signal from either coin this hour.
2026-07-12 16:02:00,959 - INFO - Balance – USDT:0.0  BTC:0.0  ETH:0.0
2026-07-12 16:02:01,180 - INFO - Cancelled all stale open orders.
2026-07-12 16:02:01,181 - WARNING - Balance unavailable – using default $3.
2026-07-12 16:02:02,093 - INFO - Starting Hourly Signal Services
2026-07-12 16:02:02,637 - INFO - Starting Position Manager for ETH/USD
2026-07-12 16:02:04,173 - INFO - Starting Position Manager for BTC/USD
2026-07-12 16:02:04,724 - INFO - No signal from either coin this hour.
2026-07-12 17:02:00,571 - INFO - Balance – USDT:0.0  BTC:0.0  ETH:0.0
2026-07-12 17:02:00,797 - INFO - Cancelled all stale open orders.
2026-07-12 17:02:00,798 - WARNING - Balance unavailable – using default $3.
2026-07-12 17:02:01,707 - INFO - Starting Hourly Signal Services
2026-07-12 17:02:02,252 - INFO - Starting Position Manager for ETH/USD
2026-07-12 17:02:03,801 - INFO - Starting Position Manager for BTC/USD
2026-07-12 17:02:04,349 - INFO - No signal from either coin this hour.
2026-07-12 18:02:00,556 - INFO - Balance – USDT:0.0  BTC:0.0  ETH:0.0
2026-07-12 18:02:00,776 - INFO - Cancelled all stale open orders.
2026-07-12 18:02:00,776 - WARNING - Balance unavailable – using default $3.
2026-07-12 18:02:01,679 - INFO - Starting Hourly Signal Services
2026-07-12 18:02:02,233 - INFO - Starting Position Manager for ETH/USD
2026-07-12 18:02:03,800 - INFO - Starting Position Manager for BTC/USD
2026-07-12 18:02:04,342 - INFO - No signal from either coin this hour.
2026-07-12 19:02:00,375 - INFO - Balance – USDT:0.0  BTC:0.0  ETH:0.0
2026-07-12 19:02:00,592 - INFO - Cancelled all stale open orders.
2026-07-12 19:02:00,592 - WARNING - Balance unavailable – using default $3.
2026-07-12 19:02:01,495 - INFO - Starting Hourly Signal Services
2026-07-12 19:02:02,043 - INFO - Starting Position Manager for ETH/USD
2026-07-12 19:02:03,477 - INFO - ETH/USD signal: {'symbol': 'ETHUSDT', 'order_type': 'Limit', 'entry_price': np.float64(1815.94), 'order_side': 'Buy', 'tp_price': np.float64(1822.6), 'sl_price': np.float64(1807.83), 'current_price': np.float64(1820.801), 'checked': False, 'current_bal': 3.0, 'atr': 7.866428571428563, 'atr_mult': 1.0314999999999999, 'expected_max_loss': np.float64(0.20097029637543407)}
2026-07-12 19:02:04,450 - INFO - Starting Position Manager for BTC/USD
2026-07-12 19:02:06,072 - INFO - SignalExecutor: leverage=15x for ETHUSDT
2026-07-12 19:02:06,073 - INFO - SignalExecutor: ETHUSDT BUY LIMIT @ 1815.94
2026-07-12 19:02:06,324 - INFO - SignalExecutor: placing LIMIT for ETHUSDT…
2026-07-12 19:02:06,967 - ERROR - SignalExecutor: order placement failed for ETHUSDT: APIError(code=-2019): Margin is insufficient.
2026-07-12 19:02:06,969 - INFO - ETH signal: {'symbol': 'ETHUSDT', 'order_type': 'Limit', 'entry_price': np.float64(1815.94), 'order_side': 'Buy', 'tp_price': np.float64(1822.6), 'sl_price': np.float64(1807.83), 'current_price': np.float64(1820.801), 'checked': False, 'current_bal': 3.0, 'atr': 7.866428571428563, 'atr_mult': 1.0314999999999999, 'expected_max_loss': np.float64(0.20097029637543407), 'qty': '0.019'}
2026-07-12 19:02:06,969 - INFO - ETH order: id=N/A
2026-07-12 20:02:01,436 - INFO - Balance – USDT:0.0  BTC:0.0  ETH:0.0
2026-07-12 20:02:01,663 - INFO - Cancelled all stale open orders.
2026-07-12 20:02:01,663 - WARNING - Balance unavailable – using default $3.
2026-07-12 20:02:02,980 - INFO - Starting Hourly Signal Services
2026-07-12 20:02:03,947 - INFO - Starting Position Manager for ETH/USD
2026-07-12 20:02:05,492 - INFO - Starting Position Manager for BTC/USD
2026-07-12 20:02:06,040 - INFO - No signal from either coin this hour.
2026-07-12 21:02:00,254 - INFO - Balance – USDT:0.0  BTC:0.0  ETH:0.0
2026-07-12 21:02:00,469 - INFO - Cancelled all stale open orders.
2026-07-12 21:02:00,469 - WARNING - Balance unavailable – using default $3.
2026-07-12 21:02:01,368 - INFO - Starting Hourly Signal Services
2026-07-12 21:02:01,914 - INFO - Starting Position Manager for ETH/USD
2026-07-12 21:02:04,292 - INFO - Starting Position Manager for BTC/USD
2026-07-12 21:02:04,832 - INFO - No signal from either coin this hour.
2026-07-12 22:02:00,479 - INFO - Balance – USDT:0.0  BTC:0.0  ETH:0.0
2026-07-12 22:02:00,700 - INFO - Cancelled all stale open orders.
2026-07-12 22:02:00,700 - WARNING - Balance unavailable – using default $3.
2026-07-12 22:02:01,606 - INFO - Starting Hourly Signal Services
2026-07-12 22:02:02,147 - INFO - Starting Position Manager for ETH/USD
2026-07-12 22:02:03,133 - INFO - ETH/USD signal: {'symbol': 'ETHUSDT', 'order_type': 'Limit', 'entry_price': np.float64(1810.38), 'order_side': 'Sell', 'tp_price': np.float64(1804.17), 'sl_price': np.float64(1818.38), 'current_price': np.float64(1804.975), 'checked': False, 'current_bal': 3.0, 'atr': 7.6045714285714245, 'atr_mult': 1.0314999999999999, 'expected_max_loss': np.float64(0.1988532794219998)}
2026-07-12 22:02:03,694 - INFO - Starting Position Manager for BTC/USD
2026-07-12 22:02:04,460 - INFO - SignalExecutor: leverage=15x for ETHUSDT
2026-07-12 22:02:04,460 - INFO - SignalExecutor: ETHUSDT SELL LIMIT @ 1810.38
2026-07-12 22:02:04,714 - INFO - SignalExecutor: placing LIMIT for ETHUSDT…
2026-07-12 22:02:04,934 - ERROR - SignalExecutor: order placement failed for ETHUSDT: APIError(code=-2019): Margin is insufficient.
2026-07-12 22:02:04,937 - INFO - ETH signal: {'symbol': 'ETHUSDT', 'order_type': 'Limit', 'entry_price': np.float64(1810.38), 'order_side': 'Sell', 'tp_price': np.float64(1804.17), 'sl_price': np.float64(1818.38), 'current_price': np.float64(1804.975), 'checked': False, 'current_bal': 3.0, 'atr': 7.6045714285714245, 'atr_mult': 1.0314999999999999, 'expected_max_loss': np.float64(0.1988532794219998), 'qty': '0.019'}
2026-07-12 22:02:04,937 - INFO - ETH order: id=N/A
2026-07-12 23:02:00,611 - INFO - Balance – USDT:0.0  BTC:0.0  ETH:0.0
2026-07-12 23:02:00,829 - INFO - Cancelled all stale open orders.
2026-07-12 23:02:00,829 - WARNING - Balance unavailable – using default $3.
2026-07-12 23:02:01,734 - INFO - Starting Hourly Signal Services
2026-07-12 23:02:02,287 - INFO - Starting Position Manager for ETH/USD
2026-07-12 23:02:03,879 - INFO - Starting Position Manager for BTC/USD
2026-07-12 23:02:04,421 - INFO - No signal from either coin this hour.
2026-07-13 00:02:00,907 - INFO - Balance – USDT:0.0  BTC:0.0  ETH:0.0
2026-07-13 00:02:01,124 - INFO - Cancelled all stale open orders.
2026-07-13 00:02:01,124 - WARNING - Balance unavailable – using default $3.
2026-07-13 00:02:02,029 - INFO - Starting Hourly Signal Services
2026-07-13 00:02:03,403 - INFO - Starting Position Manager for ETH/USD
2026-07-13 00:02:06,201 - INFO - Starting Position Manager for BTC/USD
2026-07-13 00:02:07,164 - INFO - No signal from either coin this hour.
2026-07-13 01:02:00,628 - INFO - Balance – USDT:0.0  BTC:0.0  ETH:0.0
2026-07-13 01:02:00,848 - INFO - Cancelled all stale open orders.
2026-07-13 01:02:00,848 - WARNING - Balance unavailable – using default $3.
2026-07-13 01:02:01,749 - INFO - Starting Hourly Signal Services
2026-07-13 01:02:02,285 - INFO - Starting Position Manager for ETH/USD
2026-07-13 01:02:05,082 - INFO - Starting Position Manager for BTC/USD
2026-07-13 01:02:05,627 - INFO - No signal from either coin this hour.
2026-07-13 02:02:01,169 - INFO - Balance – USDT:0.0  BTC:0.0  ETH:0.0
2026-07-13 02:02:01,386 - INFO - Cancelled all stale open orders.
2026-07-13 02:02:01,386 - WARNING - Balance unavailable – using default $3.
2026-07-13 02:02:02,290 - INFO - Starting Hourly Signal Services
2026-07-13 02:02:02,827 - INFO - Starting Position Manager for ETH/USD
2026-07-13 02:02:04,362 - INFO - Starting Position Manager for BTC/USD
2026-07-13 02:02:04,904 - INFO - No signal from either coin this hour.
2026-07-13 03:02:00,445 - INFO - Balance – USDT:0.0  BTC:0.0  ETH:0.0
2026-07-13 03:02:00,664 - INFO - Cancelled all stale open orders.
2026-07-13 03:02:00,664 - WARNING - Balance unavailable – using default $3.
2026-07-13 03:02:01,563 - INFO - Starting Hourly Signal Services
2026-07-13 03:02:02,107 - INFO - Starting Position Manager for ETH/USD
2026-07-13 03:02:03,668 - INFO - Starting Position Manager for BTC/USD
2026-07-13 03:02:04,224 - INFO - No signal from either coin this hour.
2026-07-13 04:02:00,423 - INFO - Balance – USDT:0.0  BTC:0.0  ETH:0.0
2026-07-13 04:02:00,647 - INFO - Cancelled all stale open orders.
2026-07-13 04:02:00,648 - WARNING - Balance unavailable – using default $3.
2026-07-13 04:02:01,549 - INFO - Starting Hourly Signal Services
2026-07-13 04:02:02,084 - INFO - Starting Position Manager for ETH/USD
2026-07-13 04:02:03,622 - INFO - Starting Position Manager for BTC/USD
2026-07-13 04:02:04,185 - INFO - No signal from either coin this hour.
2026-07-13 05:02:00,595 - INFO - Balance – USDT:0.0  BTC:0.0  ETH:0.0
2026-07-13 05:02:00,816 - INFO - Cancelled all stale open orders.
2026-07-13 05:02:00,816 - WARNING - Balance unavailable – using default $3.
2026-07-13 05:02:01,713 - INFO - Starting Hourly Signal Services
2026-07-13 05:02:02,249 - INFO - Starting Position Manager for ETH/USD
2026-07-13 05:02:03,789 - INFO - Starting Position Manager for BTC/USD
2026-07-13 05:02:04,332 - INFO - No signal from either coin this hour.
2026-07-13 06:02:00,548 - INFO - Balance – USDT:0.0  BTC:0.0  ETH:0.0
2026-07-13 06:02:00,776 - INFO - Cancelled all stale open orders.
2026-07-13 06:02:00,776 - WARNING - Balance unavailable – using default $3.
2026-07-13 06:02:01,679 - INFO - Starting Hourly Signal Services
2026-07-13 06:02:02,223 - INFO - Starting Position Manager for ETH/USD
2026-07-13 06:02:03,765 - INFO - Starting Position Manager for BTC/USD
2026-07-13 06:02:04,317 - INFO - No signal from either coin this hour.
2026-07-13 07:02:01,074 - INFO - Balance – USDT:0.0  BTC:0.0  ETH:0.0
2026-07-13 07:02:01,292 - INFO - Cancelled all stale open orders.
2026-07-13 07:02:01,293 - WARNING - Balance unavailable – using default $3.
2026-07-13 07:02:02,198 - INFO - Starting Hourly Signal Services
2026-07-13 07:02:02,771 - INFO - Starting Position Manager for ETH/USD
2026-07-13 07:02:04,310 - INFO - Starting Position Manager for BTC/USD
2026-07-13 07:02:04,854 - INFO - No signal from either coin this hour.
2026-07-13 08:02:00,606 - INFO - Balance – USDT:0.0  BTC:0.0  ETH:0.0
2026-07-13 08:02:00,826 - INFO - Cancelled all stale open orders.
2026-07-13 08:02:00,826 - WARNING - Balance unavailable – using default $3.
2026-07-13 08:02:01,735 - INFO - Starting Hourly Signal Services
2026-07-13 08:02:02,280 - INFO - Starting Position Manager for ETH/USD
2026-07-13 08:02:03,825 - INFO - Starting Position Manager for BTC/USD
2026-07-13 08:02:04,380 - INFO - No signal from either coin this hour.
2026-07-13 09:02:00,558 - INFO - Balance – USDT:0.0  BTC:0.0  ETH:0.0
2026-07-13 09:02:00,777 - INFO - Cancelled all stale open orders.
2026-07-13 09:02:00,777 - WARNING - Balance unavailable – using default $3.
2026-07-13 09:02:01,674 - INFO - Starting Hourly Signal Services
2026-07-13 09:02:02,224 - INFO - Starting Position Manager for ETH/USD
2026-07-13 09:02:03,762 - INFO - Starting Position Manager for BTC/USD
2026-07-13 09:02:04,304 - INFO - No signal from either coin this hour.
2026-07-13 10:02:00,907 - INFO - Balance – USDT:0.0  BTC:0.0  ETH:0.0
2026-07-13 10:02:01,127 - INFO - Cancelled all stale open orders.
2026-07-13 10:02:01,127 - WARNING - Balance unavailable – using default $3.
2026-07-13 10:02:02,037 - INFO - Starting Hourly Signal Services
2026-07-13 10:02:02,579 - INFO - Starting Position Manager for ETH/USD
2026-07-13 10:02:04,138 - INFO - Starting Position Manager for BTC/USD
2026-07-13 10:02:04,680 - INFO - No signal from either coin this hour.
2026-07-13 11:02:00,374 - INFO - Balance – USDT:0.0  BTC:0.0  ETH:0.0
2026-07-13 11:02:00,596 - INFO - Cancelled all stale open orders.
2026-07-13 11:02:00,596 - WARNING - Balance unavailable – using default $3.
2026-07-13 11:02:01,495 - INFO - Starting Hourly Signal Services
2026-07-13 11:02:02,034 - INFO - Starting Position Manager for ETH/USD
2026-07-13 11:02:03,588 - INFO - Starting Position Manager for BTC/USD
2026-07-13 11:02:04,135 - INFO - No signal from either coin this hour.
2026-07-13 12:02:00,572 - INFO - Balance – USDT:0.0  BTC:0.0  ETH:0.0
2026-07-13 12:02:00,805 - INFO - Cancelled all stale open orders.
2026-07-13 12:02:00,805 - WARNING - Balance unavailable – using default $3.
2026-07-13 12:02:01,707 - INFO - Starting Hourly Signal Services
2026-07-13 12:02:02,253 - INFO - Starting Position Manager for ETH/USD
2026-07-13 12:02:03,803 - INFO - Starting Position Manager for BTC/USD
2026-07-13 12:02:04,344 - INFO - No signal from either coin this hour.
2026-07-13 13:02:01,157 - INFO - Balance – USDT:0.0  BTC:0.0  ETH:0.0
2026-07-13 13:02:01,374 - INFO - Cancelled all stale open orders.
2026-07-13 13:02:01,374 - WARNING - Balance unavailable – using default $3.
2026-07-13 13:02:02,277 - INFO - Starting Hourly Signal Services
2026-07-13 13:02:02,822 - INFO - Starting Position Manager for ETH/USD
2026-07-13 13:02:04,358 - INFO - Starting Position Manager for BTC/USD
2026-07-13 13:02:04,911 - INFO - No signal from either coin this hour.
2026-07-13 14:02:00,714 - INFO - Balance – USDT:0.0  BTC:0.0  ETH:0.0
2026-07-13 14:02:00,937 - INFO - Cancelled all stale open orders.
2026-07-13 14:02:00,937 - WARNING - Balance unavailable – using default $3.
2026-07-13 14:02:01,852 - INFO - Starting Hourly Signal Services
2026-07-13 14:02:02,463 - INFO - Starting Position Manager for ETH/USD
2026-07-13 14:02:04,090 - INFO - Starting Position Manager for BTC/USD
2026-07-13 14:02:04,637 - INFO - No signal from either coin this hour.
2026-07-13 15:02:01,181 - INFO - Balance – USDT:0.0  BTC:0.0  ETH:0.0
2026-07-13 15:02:01,399 - INFO - Cancelled all stale open orders.
2026-07-13 15:02:01,399 - WARNING - Balance unavailable – using default $3.
2026-07-13 15:02:02,726 - INFO - Starting Hourly Signal Services
2026-07-13 15:02:03,364 - INFO - Starting Position Manager for ETH/USD
2026-07-13 15:02:04,999 - INFO - Starting Position Manager for BTC/USD
2026-07-13 15:02:05,545 - INFO - No signal from either coin this hour.
2026-07-13 16:02:00,596 - INFO - Balance – USDT:0.0  BTC:0.0  ETH:0.0
2026-07-13 16:02:00,814 - INFO - Cancelled all stale open orders.
2026-07-13 16:02:00,814 - WARNING - Balance unavailable – using default $3.
2026-07-13 16:02:01,712 - INFO - Starting Hourly Signal Services
2026-07-13 16:02:02,303 - INFO - Starting Position Manager for ETH/USD
2026-07-13 16:02:03,891 - INFO - Starting Position Manager for BTC/USD
2026-07-13 16:02:04,446 - INFO - No signal from either coin this hour.
2026-07-13 17:02:01,090 - INFO - Balance – USDT:0.0  BTC:0.0  ETH:0.0
2026-07-13 17:02:01,317 - INFO - Cancelled all stale open orders.
2026-07-13 17:02:01,317 - WARNING - Balance unavailable – using default $3.
2026-07-13 17:02:02,227 - INFO - Starting Hourly Signal Services
2026-07-13 17:02:02,825 - INFO - Starting Position Manager for ETH/USD
2026-07-13 17:02:04,427 - INFO - Starting Position Manager for BTC/USD
2026-07-13 17:02:04,995 - INFO - No signal from either coin this hour.
2026-07-13 18:02:01,101 - INFO - Balance – USDT:0.0  BTC:0.0  ETH:0.0
2026-07-13 18:02:01,322 - INFO - Cancelled all stale open orders.
2026-07-13 18:02:01,322 - WARNING - Balance unavailable – using default $3.
2026-07-13 18:02:02,221 - INFO - Starting Hourly Signal Services
2026-07-13 18:02:02,824 - INFO - Starting Position Manager for ETH/USD
2026-07-13 18:02:04,397 - INFO - Starting Position Manager for BTC/USD
2026-07-13 18:02:04,972 - INFO - No signal from either coin this hour.
2026-07-13 19:02:00,648 - INFO - Balance – USDT:0.0  BTC:0.0  ETH:0.0
2026-07-13 19:02:00,868 - INFO - Cancelled all stale open orders.
2026-07-13 19:02:00,868 - WARNING - Balance unavailable – using default $3.
2026-07-13 19:02:01,777 - INFO - Starting Hourly Signal Services
2026-07-13 19:02:02,336 - INFO - Starting Position Manager for ETH/USD
2026-07-13 19:02:04,808 - INFO - Starting Position Manager for BTC/USD
2026-07-13 19:02:05,385 - INFO - No signal from either coin this hour.
2026-07-13 20:02:00,777 - INFO - Balance – USDT:0.0  BTC:0.0  ETH:0.0
2026-07-13 20:02:01,001 - INFO - Cancelled all stale open orders.
2026-07-13 20:02:01,001 - WARNING - Balance unavailable – using default $3.
2026-07-13 20:02:02,123 - INFO - Starting Hourly Signal Services
2026-07-13 20:02:02,671 - INFO - Starting Position Manager for ETH/USD
2026-07-13 20:02:04,220 - INFO - Starting Position Manager for BTC/USD
2026-07-13 20:02:04,772 - INFO - No signal from either coin this hour.
2026-07-13 21:02:00,707 - INFO - Balance – USDT:0.0  BTC:0.0  ETH:0.0
2026-07-13 21:02:00,929 - INFO - Cancelled all stale open orders.
2026-07-13 21:02:00,929 - WARNING - Balance unavailable – using default $3.
2026-07-13 21:02:01,834 - INFO - Starting Hourly Signal Services
2026-07-13 21:02:02,388 - INFO - Starting Position Manager for ETH/USD
2026-07-13 21:02:03,959 - INFO - Starting Position Manager for BTC/USD
2026-07-13 21:02:04,508 - INFO - No signal from either coin this hour.
2026-07-13 22:02:00,854 - INFO - Balance – USDT:0.0  BTC:0.0  ETH:0.0
2026-07-13 22:02:01,075 - INFO - Cancelled all stale open orders.
2026-07-13 22:02:01,076 - WARNING - Balance unavailable – using default $3.
2026-07-13 22:02:01,984 - INFO - Starting Hourly Signal Services
2026-07-13 22:02:02,540 - INFO - Starting Position Manager for ETH/USD
2026-07-13 22:02:04,074 - INFO - Starting Position Manager for BTC/USD
2026-07-13 22:02:04,621 - INFO - No signal from either coin this hour.
2026-07-13 23:02:02,549 - INFO - Balance – USDT:0.0  BTC:0.0  ETH:0.0
2026-07-13 23:02:02,772 - INFO - Cancelled all stale open orders.
2026-07-13 23:02:02,772 - WARNING - Balance unavailable – using default $3.
2026-07-13 23:02:03,672 - INFO - Starting Hourly Signal Services
2026-07-13 23:02:04,212 - INFO - Starting Position Manager for ETH/USD
2026-07-13 23:02:05,761 - INFO - Starting Position Manager for BTC/USD
2026-07-13 23:02:06,306 - INFO - No signal from either coin this hour.
2026-07-14 00:02:00,283 - INFO - Balance – USDT:0.0  BTC:0.0  ETH:0.0
2026-07-14 00:02:00,503 - INFO - Cancelled all stale open orders.
2026-07-14 00:02:00,503 - WARNING - Balance unavailable – using default $3.
2026-07-14 00:02:01,409 - INFO - Starting Hourly Signal Services
2026-07-14 00:02:01,950 - INFO - Starting Position Manager for ETH/USD
2026-07-14 00:02:03,500 - INFO - Starting Position Manager for BTC/USD
2026-07-14 00:02:04,054 - INFO - No signal from either coin this hour.
2026-07-14 01:02:01,079 - INFO - Balance – USDT:0.0  BTC:0.0  ETH:0.0
2026-07-14 01:02:01,299 - INFO - Cancelled all stale open orders.
2026-07-14 01:02:01,299 - WARNING - Balance unavailable – using default $3.
2026-07-14 01:02:02,622 - INFO - Starting Hourly Signal Services
2026-07-14 01:02:03,160 - INFO - Starting Position Manager for ETH/USD
2026-07-14 01:02:05,528 - INFO - Starting Position Manager for BTC/USD
2026-07-14 01:02:06,073 - INFO - No signal from either coin this hour.
